GAUNTLET protocol=1
=== 0. tools and corpus ===
  using TOFU_BIN=/Users/alex/Documents/checkouts/intentius/wt/dc2-vpc/.bin/choudoufu
  module + example copied out of .corpus into /var/folders/jz/jz_28g4x5r7_8qgbd7k3p2740000gn/T/tmp.78IhqZyR4S/plain (stage 1: plain terraform)
  module + example copied out of .corpus into /var/folders/jz/jz_28g4x5r7_8qgbd7k3p2740000gn/T/tmp.78IhqZyR4S/adopted (stages 2-5: choudoufu, live block added)
=== 1. floci on :49000 (ghcr.io/lex00/floci@sha256:c55d74e13e96c8b132056677337dba0084bb0b427cb039be2dbf9a8b7efc0948) ===
  healthy
=== STAGE 1: cold deploy (terraform apply, the real unmodified example) ===
  Apply complete! Resources: 62 added, 0 changed, 0 destroyed.
  confirmed unmarked: 0 objects carry tofu-estate=vpc-complete-crossing before migration
GAUNTLET stage=cold_deploy verdict=pass duration_s=24 detail=Apply complete! Resources: 62 added, 0 changed, 0 destroyed.; 0 objects carry tofu-estate=vpc-complete-crossing before migration

=== PART GREENFIELD: 0. two more floci containers ===
  healthy: greenfield=http://127.0.0.1:49001 oracle=http://127.0.0.1:49002
=== PART GREENFIELD: 1. choudoufu apply from nothing, no migration, no state file ever existing ===
  Apply complete! Resources: 62 added, 0 changed, 0 destroyed.
=== PART GREENFIELD: 2. markers, read through the AWS CLI directly ===
  39 objects visible to resourcegroupstaggingapi (40 actually tag-stamped, of 62 total; 22 untaggable/derived)
=== PART GREENFIELD: 3. the next plan proposes nothing ===
  No changes.
=== PART GREENFIELD: 4. stock oracle - the identical config applied fresh in its own namespace ===
  Apply complete! Resources: 62 added, 0 changed, 0 destroyed.
=== PART GREENFIELD: 5. object-by-object comparison, via the AWS CLI on both endpoints, tags normalised out ===
  vpc cidr, subnet count (18), and the s3 endpoint's presence match between the greenfield estate and the stock oracle in its own namespace
GAUNTLET stage=greenfield verdict=pass duration_s=51 detail=62 resources from nothing (40 tag-stamped, 22 untaggable/derived), replan empty, stock oracle in its own namespace matches on vpc cidr, subnet count (18) and the s3 endpoint's presence
=== D-ORACLE. stock: the same two renames, through moved blocks, on cold_deploy's own state ===
  stock: zero churn on cold_deploy's own state - both moves report only their move, no attribute diff at all
=== E-ORACLE: stock terraform, delete the "dynamodb" endpoint entry on cold_deploy's own state ===
  stock: exactly one destroy (the dynamodb endpoint), nothing else, on the state cold_deploy produced
=== F-ORACLE. stock: force-replace module.vpc's customer_gateways["IP1"] via its ForceNew ip_address argument, on cold_deploy's own state ===
  stock: exactly one customer gateway replace at the same declared for_each key, nothing else - 1 to add, 1 to destroy, on the state cold_deploy produced - plan only, not applied (see above)
=== STAGE 2: migrate (choudoufu live-import -approve) ===
  dry run: 40 of 62 eligible, 22 untaggable, 0 unadmitted
  40 stamped, 22 skipped, 0 recorded, 0 failed
  vpc-11654714 carries tofu-address=module.vpc.aws_vpc.this:0
  vpc-11654714 carries tofu-slot=0, written by the migration itself (#372)
  sg-8979050d2cdad32f4 carries tofu-address=aws_security_group.rds
  vpce-2eb6d5d1286ca691e carries tofu-address=module.vpc_endpoints.aws_vpc_endpoint.this:s3
  39 objects carry tofu-estate=vpc-complete-crossing after migration
GAUNTLET stage=migrate verdict=pass duration_s=87 detail=40 stamped, 22 skipped, 0 recorded, 0 failed; 39 objects carry tofu-estate=vpc-complete-crossing; the VPC's tofu-slot reads 0 off EC2, written by the migration itself (choudoufu #372)
=== STAGE 3: test plan (state deleted, live-plan empty) ===
  no resource change proposed, with zero local memory of the migration that stamped it
  identity re-check: all three objects still carry the same tofu-address after the state file was deleted (re-read via the AWS CLI): module.vpc.aws_vpc.this:0, aws_security_group.rds, module.vpc_endpoints.aws_vpc_endpoint.this:s3
GAUNTLET stage=test_plan verdict=pass duration_s=4 detail=empty plan; identity re-check unchanged: module.vpc.aws_vpc.this:0, aws_security_group.rds, module.vpc_endpoints.aws_vpc_endpoint.this:s3
=== STAGE 4: test apply (apply the empty plan; object count unchanged) ===
  genuine no-op: 39 objects before, 39 after, no state file either time
GAUNTLET stage=test_apply verdict=pass duration_s=3 detail=genuine no-op: 39 objects before, 39 after, no state file either time
=== STAGE 5: drift and reconverge (mutate one object out of band) ===
  mutated subnet-e4a0e38c's Example tag to "tampered-out-of-band" directly via the AWS CLI
  the plan proposes fixing exactly one object: module.vpc.aws_subnet.private[0]
  reconverged: subnet-e4a0e38c's Example tag is back to "ex-complete"
GAUNTLET stage=drift_reconverge verdict=pass duration_s=7 detail=one subnet tampered (Example tag), plan proposed fixing exactly one object, apply changed 1 and reconverged the tag to ex-complete
=== F0. capture the live customer gateway and its record ahead of the forced replace ===
  cgw-353c4b23d5c1a42be, record import_id=cgw-353c4b23d5c1a42be
=== F1. choudoufu: change the ForceNew ip_address argument, forcing a replace at the same declared for_each key ===
  choudoufu: exactly one customer gateway replace at the same declared for_each key, nothing else - matches F-ORACLE's own plan shape
  cgw-353c4b23d5c1a42be (the old customer gateway) is gone - confirmed via the AWS CLI, not through choudoufu's own report
  cgw-46af8ec59d2abe342 (the new object) carries tofu-address=module.vpc.aws_customer_gateway.this:IP1 - the marker moved onto the new object, read via the AWS CLI
  record store: import_id cgw-353c4b23d5c1a42be -> cgw-46af8ec59d2abe342 at the same key (module.vpc.aws_customer_gateway.this["IP1"]) - read directly off the local record store file, not through choudoufu's own report
=== F2. one more plan: config and reality agree, no marker collision ===
  no resource action proposed. The replace is complete and invisible to the next plan - no marker collision.
GAUNTLET stage=day2_replace verdict=pass duration_s=19 detail=choudoufu: changing customer_gateways["IP1"]'s ForceNew ip_address argument proposed exactly one isolated replace at the same declared for_each key (1 to add, 1 to destroy, nothing else), matching F-ORACLE's own plan shape; applied cleanly; the old gateway (cgw-353c4b23d5c1a42be) is confirmed gone/deleted and the new gateway (cgw-46af8ec59d2abe342) carries the marker, both via the AWS CLI; the next plan proposes no resource action. No BREAK=replace leg - see this section's own header comment (reusing corpus-security-group-complete's own finding from this same unit rather than re-measuring it here).
=== D0. capture the live ids a rename must not disturb ===
  vpce-2eb6d5d1286ca691e (module.vpc_endpoints, s3 endpoint), sg-8979050d2cdad32f4 (aws_security_group.rds)
=== D1. choudoufu, moved block: module.vpc_endpoints -> module.vpc_endpoints_renamed ===
  choudoufu: zero churn, 7 in-place tags updates - the marker rewrite the moved block completes
  vpce-2eb6d5d1286ca691e unchanged, tofu-address now module.vpc_endpoints_renamed.aws_vpc_endpoint.this:s3 - read via the AWS CLI
=== D2. choudoufu, live-mv: aws_security_group.rds -> .rds_renamed, no moved block at all ===
  live-mv:   live ID        sg-8979050d2cdad32f4
  sg-8979050d2cdad32f4 unchanged, tofu-address now aws_security_group.rds_renamed - read via the AWS CLI
=== D3. one more plan: config and markers agree on both renames, nothing proposed ===
  No changes. Both renames are complete and invisible to the next plan.
GAUNTLET stage=day2_rename verdict=pass duration_s=12 detail=moved block: module.vpc_endpoints renamed with zero churn (0 add, 7 change, 0 destroy), marker rewritten in place across its taggable objects; live-mv: aws_security_group.rds renamed with zero churn, marker rewritten in place; stock oracle over the same two-object rename on cold_deploy's own state also shows zero churn (0 add, 0 change, 0 destroy); both live ids unchanged, read via the AWS CLI

=== E0. capture the dynamodb endpoint's own marker one more time ===
=== E1. choudoufu: delete the dynamodb endpoint's map entry ===
  choudoufu: exactly one destroy (the dynamodb endpoint), nothing else
  vpc endpoint vpce-02d7bd32ce9585e24 state="absent" after the destroy - confirmed via the AWS CLI, not through choudoufu's own report
=== E2. one more plan: config and reality agree, nothing left to propose ===
  No changes. The removal is complete and invisible to the next plan.

STAGE E (day2_remove): PASS
GAUNTLET stage=day2_remove verdict=pass duration_s=20 detail=choudoufu: deleting the dynamodb endpoint's map entry (module.vpc_endpoints_renamed.aws_vpc_endpoint.this["dynamodb"]) proposed exactly one destroy (0 add, 0 change, 1 destroy), applied cleanly (0 added, 0 changed, 1 destroyed), the endpoint is genuinely gone from the live account (State=absent, read via the AWS CLI, not choudoufu's own report), and the next plan proposes no resource action; stock oracle on cold_deploy's own state (E-ORACLE) also proposes exactly one destroy for the same object


=== G-ORACLE. day2_count stock oracle: the identical count block, stood up by terraform in its own account, scaled 2 -> 1 -> 2 for real ===
  healthy: count oracle at http://127.0.0.1:49003
  stock: 2 instances created, count_test[0]=cgw-53fd7d90ea470eb9c count_test[1]=cgw-ad20bdfe06e948197
  stock: exactly one destroy (count_test[1]=cgw-ad20bdfe06e948197, confirmed gone via the AWS CLI), count_test[0]=cgw-53fd7d90ea470eb9c unchanged
  stock: exactly one create (count_test[1], new id cgw-fecd1b49ede300c9b, was cgw-ad20bdfe06e948197), count_test[0]=cgw-53fd7d90ea470eb9c unchanged throughout

=== G0. choudoufu: add aws_customer_gateway.count_test, count = 2 ===
  2 instances created: [0]=cgw-ad7d5c6ee6c7b5bed (tofu-slot=0), [1]=cgw-30a2a11152f8062fe (tofu-slot=1) - both found BY their tofu-address marker through the AWS CLI
  No changes - both new instances plan empty immediately after creation
=== G1. scale the count down: 2 -> 1 ===
  BREAK_COUNT=1: expecting count_test[0] - the WRONG instance - to be the one destroyed. This assertion must fail.
  # aws_customer_gateway.count_test[1] will be destroyed
FAIL: choudoufu's scale-down plan does not destroy count_test[0]. Stock's own plan for the identical block (G-ORACLE above) destroys count_test[1] and nothing else.
GAUNTLET stage=day2_count verdict=fail duration_s=63 detail=choudoufu's scale-down plan does not destroy count_test[0]. Stock's own plan for the identical block (G-ORACLE above) destroys count_test[1] and nothing else.
