GAUNTLET protocol=1
=== 0. tools and corpus ===
  using TOFU_BIN=/Users/alex/Documents/checkouts/intentius/wt/dc2-vpc/.bin/choudoufu
  module + example copied out of .corpus into /var/folders/jz/jz_28g4x5r7_8qgbd7k3p2740000gn/T/tmp.iLeHaZ6K2C/plain (stage 1: plain terraform)
  module + example copied out of .corpus into /var/folders/jz/jz_28g4x5r7_8qgbd7k3p2740000gn/T/tmp.iLeHaZ6K2C/adopted (stages 2-5: choudoufu, live block added)
=== 1. floci on :49000 (ghcr.io/lex00/floci@sha256:c55d74e13e96c8b132056677337dba0084bb0b427cb039be2dbf9a8b7efc0948) ===
  healthy
=== STAGE 1: cold deploy (terraform apply, the real unmodified example) ===
  Apply complete! Resources: 62 added, 0 changed, 0 destroyed.
  confirmed unmarked: 0 objects carry tofu-estate=vpc-complete-crossing before migration
GAUNTLET stage=cold_deploy verdict=pass duration_s=24 detail=Apply complete! Resources: 62 added, 0 changed, 0 destroyed.; 0 objects carry tofu-estate=vpc-complete-crossing before migration

=== PART GREENFIELD: 0. two more floci containers ===
  healthy: greenfield=http://127.0.0.1:49001 oracle=http://127.0.0.1:49002
=== PART GREENFIELD: 1. choudoufu apply from nothing, no migration, no state file ever existing ===
  Apply complete! Resources: 62 added, 0 changed, 0 destroyed.
=== PART GREENFIELD: 2. markers, read through the AWS CLI directly ===
  39 objects visible to resourcegroupstaggingapi (40 actually tag-stamped, of 62 total; 22 untaggable/derived)
=== PART GREENFIELD: 3. the next plan proposes nothing ===
  No changes.
=== PART GREENFIELD: 4. stock oracle - the identical config applied fresh in its own namespace ===
  Apply complete! Resources: 62 added, 0 changed, 0 destroyed.
=== PART GREENFIELD: 5. object-by-object comparison, via the AWS CLI on both endpoints, tags normalised out ===
  vpc cidr, subnet count (18), and the s3 endpoint's presence match between the greenfield estate and the stock oracle in its own namespace
GAUNTLET stage=greenfield verdict=pass duration_s=52 detail=62 resources from nothing (40 tag-stamped, 22 untaggable/derived), replan empty, stock oracle in its own namespace matches on vpc cidr, subnet count (18) and the s3 endpoint's presence
=== D-ORACLE. stock: the same two renames, through moved blocks, on cold_deploy's own state ===
  stock: zero churn on cold_deploy's own state - both moves report only their move, no attribute diff at all
=== E-ORACLE: stock terraform, delete the "dynamodb" endpoint entry on cold_deploy's own state ===
  stock: exactly one destroy (the dynamodb endpoint), nothing else, on the state cold_deploy produced
=== F-ORACLE. stock: force-replace module.vpc's customer_gateways["IP1"] via its ForceNew ip_address argument, on cold_deploy's own state ===
  stock: exactly one customer gateway replace at the same declared for_each key, nothing else - 1 to add, 1 to destroy, on the state cold_deploy produced - plan only, not applied (see above)
=== STAGE 2: migrate (choudoufu live-import -approve) ===
  dry run: 40 of 62 eligible, 22 untaggable, 0 unadmitted
  40 stamped, 22 skipped, 0 recorded, 0 failed
  vpc-75eafdf2 carries tofu-address=module.vpc.aws_vpc.this:0
  vpc-75eafdf2 carries tofu-slot=0, written by the migration itself (#372)
  sg-076718482792d372c carries tofu-address=aws_security_group.rds
  vpce-5584f949bcebac377 carries tofu-address=module.vpc_endpoints.aws_vpc_endpoint.this:s3
  39 objects carry tofu-estate=vpc-complete-crossing after migration
GAUNTLET stage=migrate verdict=pass duration_s=87 detail=40 stamped, 22 skipped, 0 recorded, 0 failed; 39 objects carry tofu-estate=vpc-complete-crossing; the VPC's tofu-slot reads 0 off EC2, written by the migration itself (choudoufu #372)
=== STAGE 3: test plan (state deleted, live-plan empty) ===
  no resource change proposed, with zero local memory of the migration that stamped it
  identity re-check: all three objects still carry the same tofu-address after the state file was deleted (re-read via the AWS CLI): module.vpc.aws_vpc.this:0, aws_security_group.rds, module.vpc_endpoints.aws_vpc_endpoint.this:s3
GAUNTLET stage=test_plan verdict=pass duration_s=3 detail=empty plan; identity re-check unchanged: module.vpc.aws_vpc.this:0, aws_security_group.rds, module.vpc_endpoints.aws_vpc_endpoint.this:s3
=== STAGE 4: test apply (apply the empty plan; object count unchanged) ===
  genuine no-op: 39 objects before, 39 after, no state file either time
GAUNTLET stage=test_apply verdict=pass duration_s=4 detail=genuine no-op: 39 objects before, 39 after, no state file either time
=== STAGE 5: drift and reconverge (mutate one object out of band) ===
  mutated subnet-5c155ea0's Example tag to "tampered-out-of-band" directly via the AWS CLI
  the plan proposes fixing exactly one object: module.vpc.aws_subnet.private[0]
  reconverged: subnet-5c155ea0's Example tag is back to "ex-complete"
GAUNTLET stage=drift_reconverge verdict=pass duration_s=7 detail=one subnet tampered (Example tag), plan proposed fixing exactly one object, apply changed 1 and reconverged the tag to ex-complete
=== F0. capture the live customer gateway and its record ahead of the forced replace ===
  cgw-8930f192e313f7890, record import_id=cgw-8930f192e313f7890
=== F1. choudoufu: change the ForceNew ip_address argument, forcing a replace at the same declared for_each key ===
  choudoufu: exactly one customer gateway replace at the same declared for_each key, nothing else - matches F-ORACLE's own plan shape
  cgw-8930f192e313f7890 (the old customer gateway) is gone - confirmed via the AWS CLI, not through choudoufu's own report
  cgw-bd62672ec112523b3 (the new object) carries tofu-address=module.vpc.aws_customer_gateway.this:IP1 - the marker moved onto the new object, read via the AWS CLI
  record store: import_id cgw-8930f192e313f7890 -> cgw-bd62672ec112523b3 at the same key (module.vpc.aws_customer_gateway.this["IP1"]) - read directly off the local record store file, not through choudoufu's own report
=== F2. one more plan: config and reality agree, no marker collision ===
  no resource action proposed. The replace is complete and invisible to the next plan - no marker collision.
GAUNTLET stage=day2_replace verdict=pass duration_s=19 detail=choudoufu: changing customer_gateways["IP1"]'s ForceNew ip_address argument proposed exactly one isolated replace at the same declared for_each key (1 to add, 1 to destroy, nothing else), matching F-ORACLE's own plan shape; applied cleanly; the old gateway (cgw-8930f192e313f7890) is confirmed gone/deleted and the new gateway (cgw-bd62672ec112523b3) carries the marker, both via the AWS CLI; the next plan proposes no resource action. No BREAK=replace leg - see this section's own header comment (reusing corpus-security-group-complete's own finding from this same unit rather than re-measuring it here).
=== D0. capture the live ids a rename must not disturb ===
  vpce-5584f949bcebac377 (module.vpc_endpoints, s3 endpoint), sg-076718482792d372c (aws_security_group.rds)
=== D1. choudoufu, moved block: module.vpc_endpoints -> module.vpc_endpoints_renamed ===
  choudoufu: zero churn, 7 in-place tags updates - the marker rewrite the moved block completes
  vpce-5584f949bcebac377 unchanged, tofu-address now module.vpc_endpoints_renamed.aws_vpc_endpoint.this:s3 - read via the AWS CLI
=== D2. choudoufu, live-mv: aws_security_group.rds -> .rds_renamed, no moved block at all ===
  live-mv:   live ID        sg-076718482792d372c
  sg-076718482792d372c unchanged, tofu-address now aws_security_group.rds_renamed - read via the AWS CLI
=== D3. one more plan: config and markers agree on both renames, nothing proposed ===
  No changes. Both renames are complete and invisible to the next plan.
GAUNTLET stage=day2_rename verdict=pass duration_s=12 detail=moved block: module.vpc_endpoints renamed with zero churn (0 add, 7 change, 0 destroy), marker rewritten in place across its taggable objects; live-mv: aws_security_group.rds renamed with zero churn, marker rewritten in place; stock oracle over the same two-object rename on cold_deploy's own state also shows zero churn (0 add, 0 change, 0 destroy); both live ids unchanged, read via the AWS CLI

=== E0. capture the dynamodb endpoint's own marker one more time ===
=== E1. choudoufu: delete the dynamodb endpoint's map entry ===
  choudoufu: exactly one destroy (the dynamodb endpoint), nothing else
  vpc endpoint vpce-6f571011a510ee9b7 state="absent" after the destroy - confirmed via the AWS CLI, not through choudoufu's own report
=== E2. one more plan: config and reality agree, nothing left to propose ===
  No changes. The removal is complete and invisible to the next plan.

STAGE E (day2_remove): PASS
GAUNTLET stage=day2_remove verdict=pass duration_s=19 detail=choudoufu: deleting the dynamodb endpoint's map entry (module.vpc_endpoints_renamed.aws_vpc_endpoint.this["dynamodb"]) proposed exactly one destroy (0 add, 0 change, 1 destroy), applied cleanly (0 added, 0 changed, 1 destroyed), the endpoint is genuinely gone from the live account (State=absent, read via the AWS CLI, not choudoufu's own report), and the next plan proposes no resource action; stock oracle on cold_deploy's own state (E-ORACLE) also proposes exactly one destroy for the same object


=== G-ORACLE. day2_count stock oracle: the identical count block, stood up by terraform in its own account, scaled 2 -> 1 -> 2 for real ===
  healthy: count oracle at http://127.0.0.1:49003
  stock: 2 instances created, count_test[0]=cgw-fd2e423447a5b9ac7 count_test[1]=cgw-814324ba9ed3573ef
  stock: exactly one destroy (count_test[1]=cgw-814324ba9ed3573ef, confirmed gone via the AWS CLI), count_test[0]=cgw-fd2e423447a5b9ac7 unchanged
  stock: exactly one create (count_test[1], new id cgw-e319aff4595724449, was cgw-814324ba9ed3573ef), count_test[0]=cgw-fd2e423447a5b9ac7 unchanged throughout

=== G0. choudoufu: add aws_customer_gateway.count_test, count = 2 ===
  2 instances created: [0]=cgw-d2c3a894e74c74b18 (tofu-slot=0), [1]=cgw-5e562e8b94c4f4c54 (tofu-slot=1) - both found BY their tofu-address marker through the AWS CLI
  No changes - both new instances plan empty immediately after creation
=== G1. scale the count down: 2 -> 1 ===
  choudoufu: exactly one destroy (count_test[1]), count_test[0] untouched - the same shape G-ORACLE showed for stock
  cgw-5e562e8b94c4f4c54 (count_test[1]) is gone; cgw-d2c3a894e74c74b18 (count_test[0]) keeps its id, its tofu-address (aws_customer_gateway.count_test:0) and its tofu-slot (0) - all read via the AWS CLI
=== G2. scale the count back up: 1 -> 2 ===
  choudoufu: exactly one create (count_test[1]), count_test[0] untouched - the same shape G-ORACLE showed for stock
  count_test[1] recreated as a NEW object (cgw-00aa14299ad34cdc5, was cgw-5e562e8b94c4f4c54), tofu-slot=1; count_test[0] (cgw-d2c3a894e74c74b18) untouched throughout the down-then-up cycle, still tofu-address=aws_customer_gateway.count_test:0 - all read via the AWS CLI
=== G3. one more plan: config and reality agree, nothing left to propose ===
  No changes. The scale-down-then-up cycle is complete and invisible to the next plan.
GAUNTLET stage=day2_count verdict=pass duration_s=88 detail=choudoufu: scaling aws_customer_gateway.count_test from 2 to 1 destroyed exactly count_test[1], the higher index (0 add, 0 change, 1 destroy), and cgw-5e562e8b94c4f4c54 is confirmed gone from the live account while count_test[0] (cgw-d2c3a894e74c74b18) kept its server-minted id, its tofu-address marker and its tofu-slot; scaling back from 1 to 2 created exactly count_test[1] (1 add, 0 change, 0 destroy) as a genuinely NEW object (cgw-00aa14299ad34cdc5, not the destroyed cgw-5e562e8b94c4f4c54), with count_test[0] untouched throughout; the next plan is empty. Every identity above was read off EC2 through the AWS CLI, by the tofu-address marker, never from choudoufu's own report. Stock oracle (G-ORACLE): the identical count block stood up by terraform in its own floci account and scaled 2->1->2 for real shows the identical shape - destroy count_test[1] only, recreate it under a new id, count_test[0]'s id unchanged both times. THE BLOCK IS SYNTHETIC, deliberately: every real count knob in this estate is a subnet list that drives an untaggable aws_route_table_association count block in lockstep (a question about orphaned derived children, not about count-slot binding), and the one real zero-cascade knob, module.vpc's customer_gateways, is a for_each map with no index slots and is already day2_replace's target - so the block uses aws_customer_gateway, a type this estate really does exercise three of. Building it found and fixed a real defect (five-row row 2): the scale-down proposed NO destroy at all, because the removal sweep read live/mapping.json's via="former2" provenance - a Cloud Control ENUMERABILITY filter - to answer the identity question "which TF type is this ARN", and classified aws_customer_gateway TYPE_NOT_LISTABLE against live/registry.json's own handlers.list=true.
GAUNTLET end=1

=== PASS ===

terraform-aws-modules/terraform-aws-vpc's flagship "complete" example,
62 resources, crossed through all five stages: cold deploy with plain
terraform, choudoufu live-import adoption, an empty replan with the
state file deleted and three rendered identities checked against the
AWS CLI's own answer, a genuine no-op apply, and drift on one object
reconverging without touching any other.
